// Jest Snapshot v1, https://goo.gl/fbAQLP

exports[`Tests HOC with-video Test HOC with-video 1`] = `
<div>
  <video
    className="player__video"
    muted="muted"
  />
  ;
</div>
`;
