// Jest Snapshot v1, https://goo.gl/fbAQLP

exports[`Tests HOC with-tabs Test HOC with-tabs 1`] = `<div />`;
