// Jest Snapshot v1, https://goo.gl/fbAQLP

exports[`FilmCardComponent FilmCardComponentSnapshot 1`] = `
<article
  className="small-movie-card catalog__movies-card"
>
  <a
    href="/films/1"
    onClick={[Function]}
  />
  <h3
    className="small-movie-card__title"
  >
    <a
      className="small-movie-card__link"
      href="/films/1"
      onClick={[Function]}
    >
      Интерстеллар
    </a>
  </h3>
</article>
`;
