// Jest Snapshot v1, https://goo.gl/fbAQLP

exports[`FilmDetailMoreComponent FilmDetailMoreComponentSnapshot 1`] = `
<div
  className="movie-card__wrap movie-card__translate-top"
>
  <div
    className="movie-card__info"
  >
    <div
      className="movie-card__poster movie-card__poster--big"
    >
      <img
        alt="Интерстеллар"
        height="327"
        src="img/aviator.jpg"
        width="218"
      />
    </div>
    <div
      className="movie-card__desc"
    >
      <div
        className="movie-card__text movie-card__row"
      >
        <div
          className="movie-card__text-col"
        >
          <p
            className="movie-card__details-item"
          >
            <strong
              className="movie-card__details-name"
            >
              Director
            </strong>
            <span
              className="movie-card__details-value"
            >
              Джон
            </span>
          </p>
          <p
            className="movie-card__details-item"
          >
            <strong
              className="movie-card__details-name"
            >
              Starring
            </strong>
            <span
              className="movie-card__details-value"
            >
              Гоша, 
Щас Зе Енд, 
Куллер, 
Райан Оркестр
            </span>
          </p>
        </div>
        <div
          className="movie-card__text-col"
        >
          <p
            className="movie-card__details-item"
          >
            <strong
              className="movie-card__details-name"
            >
              Run Time
            </strong>
            <span
              className="movie-card__details-value"
            >
              1h 40m
            </span>
          </p>
          <p
            className="movie-card__details-item"
          >
            <strong
              className="movie-card__details-name"
            >
              Genre
            </strong>
            <span
              className="movie-card__details-value"
            >
              Adventure
            </span>
          </p>
          <p
            className="movie-card__details-item"
          >
            <strong
              className="movie-card__details-name"
            >
              Released
            </strong>
            <span
              className="movie-card__details-value"
            >
              2001
            </span>
          </p>
        </div>
      </div>
    </div>
  </div>
</div>
`;
