// Jest Snapshot v1, https://goo.gl/fbAQLP

exports[`Tests HOC with-form-validation Test HOC with-form-validation 1`] = `<div />`;
