// Jest Snapshot v1, https://goo.gl/fbAQLP

exports[`FilmDetailComponent FilmDetailComponentSnapshot 1`] = `
<div
  className="movie-card__wrap movie-card__translate-top"
>
  <div
    className="movie-card__info"
  >
    <div
      className="movie-card__poster movie-card__poster--big"
    >
      <img
        alt="The Grand Budapest Hotel poster"
        height="327"
        src="aviator.jpg"
        width="218"
      />
    </div>
    <div
      className="movie-card__desc"
    >
      <div
        className="movie-rating"
      >
        <div
          className="movie-rating__score"
        >
          4
        </div>
        <p
          className="movie-rating__meta"
        >
          <span
            className="movie-rating__level"
          >
            Normal
          </span>
          <span
            className="movie-rating__count"
          >
            89543
          </span>
        </p>
      </div>
      <div
        className="movie-card__text"
      >
        <p>
          In the 1930s, the Grand Budapest Hotel is a popular European ski resort, presided over by concierge Gustave H. (Ralph Fiennes). Zero, a junior lobby boy, becomes Gustave's friend and protege.
                    Gustave prides himself on providing first-class service to the hotel's guests, including satisfying the sexual needs of the many elderly women who stay there. When one of Gustave's lovers dies mysteriously, Gustave finds himself the recipient of a priceless painting and the chief suspect in her murder.
        </p>
        <p
          className="movie-card__director"
        >
          <strong>
            Director: 
            Джон
          </strong>
        </p>
        <p
          className="movie-card__starring"
        >
          <strong>
            Starring: 
            Гоша, Щас Зе Енд, Куллер, Райан Оркестр
            and other
          </strong>
        </p>
      </div>
    </div>
  </div>
</div>
`;
